{
    "parent": "minecraft:item/generated",
    "textures": {
      "layer0": "minecraft:item/trinkets/rings/golden_ring_ruby"
    }
  }
  